[    0.000000] Linux version 4.15.0-212-generic (buildd@lcy02-amd64-083) (gcc version 7.5.0 (Ubuntu 7.5.0-3ubuntu1~18.04)) #223-Ubuntu SMP Tue May 23 13:09:22 UTC 2023 (Ubuntu 4.15.0-212.223-generic 4.15.18)
[    0.000000] Command line: BOOT_IMAGE=/boot/vmlinuz-4.15.0-212-generic root=LABEL=cloudimg-rootfs ro console=tty1 console=ttyS0
[    0.000000] KERNEL supported cpus:
[    0.000000]   Intel GenuineIntel
[    0.000000]   AMD AuthenticAMD
[    0.000000]   Centaur CentaurHauls
[    0.000000] x86/fpu: x87 FPU will use FXSAVE
[    0.000000] e820: BIOS-provided physical RAM map:
[    0.000000] BIOS-e820: [mem 0x0000000000000000-0x000000000009fbff] usable
[    0.000000] BIOS-e820: [mem 0x000000000009fc00-0x000000000009ffff] reserved
[    0.000000] BIOS-e820: [mem 0x00000000000f0000-0x00000000000fffff] reserved
[    0.000000] BIOS-e820: [mem 0x0000000000100000-0x000000003ffeffff] usable
[    0.000000] BIOS-e820: [mem 0x000000003fff0000-0x000000003fffffff] ACPI data
[    0.000000] BIOS-e820: [mem 0x00000000fec00000-0x00000000fec00fff] reserved
[    0.000000] BIOS-e820: [mem 0x00000000fee00000-0x00000000fee00fff] reserved
[    0.000000] BIOS-e820: [mem 0x00000000fffc0000-0x00000000ffffffff] reserved
[    0.000000] NX (Execute Disable) protection: active
[    0.000000] SMBIOS 2.5 present.
[    0.000000] DMI: innotek GmbH VirtualBox/VirtualBox, BIOS VirtualBox 12/01/2006
[    0.000000] Hypervisor detected: KVM
[    0.000000] e820: last_pfn = 0x3fff0 max_arch_pfn = 0x400000000
[    0.000000] MTRR: Disabled
[    0.000000] x86/PAT: MTRRs disabled, skipping PAT initialization too.
[    0.000000] CPU MTRRs all blank - virtualized system.
[    0.000000] x86/PAT: Configuration [0-7]: WB  WT  UC- UC  WB  WT  UC- UC  
[    0.000000] found SMP MP-table at [mem 0x0009fff0-0x0009ffff]
[    0.000000] Scanning 1 areas for low memory corruption
[    0.000000] RAMDISK: [mem 0x359cb000-0x36cdcfff]
[    0.000000] ACPI: Early table checksum verification disabled
[    0.000000] ACPI: RSDP 0x00000000000E0000 000024 (v02 VBOX  )
[    0.000000] ACPI: XSDT 0x000000003FFF0030 00003C (v01 VBOX   VBOXXSDT 00000001 ASL  00000061)
[    0.000000] ACPI: FACP 0x000000003FFF00F0 0000F4 (v04 VBOX   VBOXFACP 00000001 ASL  00000061)
[    0.000000] ACPI: DSDT 0x000000003FFF0610 002353 (v02 VBOX   VBOXBIOS 00000002 INTL 20100528)
[    0.000000] ACPI: FACS 0x000000003FFF0200 000040
[    0.000000] ACPI: FACS 0x000000003FFF0200 000040
[    0.000000] ACPI: APIC 0x000000003FFF0240 00005C (v02 VBOX   VBOXAPIC 00000001 ASL  00000061)
[    0.000000] ACPI: SSDT 0x000000003FFF02A0 00036C (v01 VBOX   VBOXCPUT 00000002 INTL 20100528)
[    0.000000] ACPI: Reserving FACP table memory at [mem 0x3fff00f0-0x3fff01e3]
[    0.000000] ACPI: Reserving DSDT table memory at [mem 0x3fff0610-0x3fff2962]
[    0.000000] ACPI: Reserving FACS table memory at [mem 0x3fff0200-0x3fff023f]
[    0.000000] ACPI: Reserving FACS table memory at [mem 0x3fff0200-0x3fff023f]
[    0.000000] ACPI: Reserving APIC table memory at [mem 0x3fff0240-0x3fff029b]
[    0.000000] ACPI: Reserving SSDT table memory at [mem 0x3fff02a0-0x3fff060b]
[    0.000000] No NUMA configuration found
[    0.000000] Faking a node at [mem 0x0000000000000000-0x000000003ffeffff]
[    0.000000] NODE_DATA(0) allocated [mem 0x3ffc5000-0x3ffeffff]
[    0.000000] kvm-clock: cpu 0, msr 0:3ff44001, primary cpu clock
[    0.000000] kvm-clock: Using msrs 4b564d01 and 4b564d00
[    0.000000] kvm-clock: using sched offset of 4136591349 cycles
[    0.000000] clocksource: kvm-clock: mask: 0xffffffffffffffff max_cycles: 0x1cd42e4dffb, max_idle_ns: 881590591483 ns
[    0.000000] Zone ranges:
[    0.000000]   DMA      [mem 0x0000000000001000-0x0000000000ffffff]
[    0.000000]   DMA32    [mem 0x0000000001000000-0x000000003ffeffff]
[    0.000000]   Normal   empty
[    0.000000]   Device   empty
[    0.000000] Movable zone start for each node
[    0.000000] Early memory node ranges
[    0.000000]   node   0: [mem 0x0000000000001000-0x000000000009efff]
[    0.000000]   node   0: [mem 0x0000000000100000-0x000000003ffeffff]
[    0.000000] Reserved but unavailable: 104 pages
[    0.000000] Initmem setup node 0 [mem 0x0000000000001000-0x000000003ffeffff]
[    0.000000] ACPI: PM-Timer IO Port: 0x4008
[    0.000000] IOAPIC[0]: apic_id 2, version 32, address 0xfec00000, GSI 0-23
[    0.000000] ACPI: INT_SRC_OVR (bus 0 bus_irq 0 global_irq 2 dfl dfl)
[    0.000000] ACPI: INT_SRC_OVR (bus 0 bus_irq 9 global_irq 9 low level)
[    0.000000] Using ACPI (MADT) for SMP configuration information
[    0.000000] smpboot: Allowing 2 CPUs, 0 hotplug CPUs
[    0.000000] PM: Registered nosave memory: [mem 0x00000000-0x00000fff]
[    0.000000] PM: Registered nosave memory: [mem 0x0009f000-0x0009ffff]
[    0.000000] PM: Registered nosave memory: [mem 0x000a0000-0x000effff]
[    0.000000] PM: Registered nosave memory: [mem 0x000f0000-0x000fffff]
[    0.000000] e820: [mem 0x40000000-0xfebfffff] available for PCI devices
[    0.000000] Booting paravirtualized kernel on KVM
[    0.000000] clocksource: refined-jiffies: mask: 0xffffffff max_cycles: 0xffffffff, max_idle_ns: 7645519600211568 ns
[    0.000000] setup_percpu: NR_CPUS:8192 nr_cpumask_bits:2 nr_cpu_ids:2 nr_node_ids:1
[    0.000000] percpu: Embedded 50 pages/cpu s167936 r8192 d28672 u1048576
[    0.000000] PV qspinlock hash table entries: 256 (order: 0, 4096 bytes)
[    0.000000] Built 1 zonelists, mobility grouping on.  Total pages: 257913
[    0.000000] Policy zone: DMA32
[    0.000000] Kernel command line: BOOT_IMAGE=/boot/vmlinuz-4.15.0-212-generic root=LABEL=cloudimg-rootfs ro console=tty1 console=ttyS0
[    0.000000] Memory: 982644K/1048120K available (12300K kernel code, 2477K rwdata, 4324K rodata, 2480K init, 2720K bss, 65476K reserved, 0K cma-reserved)
[    0.000000] SLUB: HWalign=64, Order=0-3, MinObjects=0, CPUs=2, Nodes=1
[    0.000000] ftrace: allocating 39508 entries in 155 pages
[    0.004000] Hierarchical RCU implementation.
[    0.004000] 	RCU restricting CPUs from NR_CPUS=8192 to nr_cpu_ids=2.
[    0.004000] 	Tasks RCU enabled.
[    0.004000] RCU: Adjusting geometry for rcu_fanout_leaf=16, nr_cpu_ids=2
[    0.004000] NR_IRQS: 524544, nr_irqs: 440, preallocated irqs: 16
[    0.004000] random: crng init done
[    0.004000] Console: colour VGA+ 80x25
[    0.004000] console [tty1] enabled
[    0.004000] console [ttyS0] enabled
[    0.004000] ACPI: Core revision 20170831
[    0.004000] ACPI: 2 ACPI AML tables successfully acquired and loaded
[    0.004000] APIC: Switch to symmetric I/O mode setup
[    0.004000] ..TIMER: vector=0x30 apic1=0 pin1=2 apic2=-1 pin2=-1
[    0.004006] tsc: Detected 2803.200 MHz processor
[    0.008009] Calibrating delay loop (skipped) preset value.. 5606.40 BogoMIPS (lpj=11212800)
[    0.012002] pid_max: default: 32768 minimum: 301
[    0.016063] Security Framework initialized
[    0.018711] Yama: becoming mindful.
[    0.020060] AppArmor: AppArmor initialized
[    0.026433] Dentry cache hash table entries: 131072 (order: 8, 1048576 bytes)
[    0.032524] Inode-cache hash table entries: 65536 (order: 7, 524288 bytes)
[    0.036051] Mount-cache hash table entries: 2048 (order: 2, 16384 bytes)
[    0.040055] Mountpoint-cache hash table entries: 2048 (order: 2, 16384 bytes)
[    0.045526] Last level iTLB entries: 4KB 0, 2MB 0, 4MB 0
[    0.048002] Last level dTLB entries: 4KB 0, 2MB 0, 4MB 0, 1GB 0
[    0.052003] Spectre V1 : Mitigation: usercopy/swapgs barriers and __user pointer sanitization
[    0.056002] Spectre V2 : Mitigation: Enhanced IBRS
[    0.060001] Spectre V2 : Spectre v2 / SpectreRSB mitigation: Filling RSB on context switch
[    0.064001] Spectre V2 : Spectre v2 / PBRSB-eIBRS: Retire a single CALL on VMEXIT
[    0.068002] RETBleed: Mitigation: Enhanced IBRS
[    0.070790] Speculative Store Bypass: Vulnerable
[    0.072150] Freeing SMP alternatives memory: 36K
[    0.189596] smpboot: CPU0: 11th Gen Intel(R) Core(TM) i7-1165G7 @ 2.80GHz (family: 0x6, model: 0x8c, stepping: 0x1)
[    0.192366] Performance Events: unsupported p6 CPU model 140 no PMU driver, software events only.
[    0.196230] Hierarchical SRCU implementation.
[    0.200582] NMI watchdog: Perf event create on CPU 0 failed with -2
[    0.204001] NMI watchdog: Perf NMI watchdog permanently disabled
[    0.208231] smp: Bringing up secondary CPUs ...
[    0.212590] x86: Booting SMP configuration:
[    0.216002] .... node  #0, CPUs:      #1
[    0.004000] kvm-clock: cpu 1, msr 0:3ff44041, secondary cpu clock
[    0.232000] TSC synchronization [CPU#0 -> CPU#1]:
[    0.232000] Measured 76191 cycles TSC warp between CPUs, turning off TSC clock.
[    0.232000] tsc: Marking TSC unstable due to check_tsc_sync_source failed
[    0.236312] smp: Brought up 1 node, 2 CPUs
[    0.240007] smpboot: Max logical packages: 1
[    0.244004] smpboot: Total of 2 processors activated (11212.80 BogoMIPS)
[    0.252380] devtmpfs: initialized
[    0.256074] x86/mm: Memory block size: 128MB
[    0.260256] evm: security.selinux
[    0.264001] evm: security.SMACK64
[    0.268001] evm: security.SMACK64EXEC
[    0.272001] evm: security.SMACK64TRANSMUTE
[    0.276001] evm: security.SMACK64MMAP
[    0.280001] evm: security.apparmor
[    0.284001] evm: security.ima
[    0.288001] evm: security.capability
[    0.292401] clocksource: jiffies: mask: 0xffffffff max_cycles: 0xffffffff, max_idle_ns: 7645041785100000 ns
[    0.296011] futex hash table entries: 512 (order: 3, 32768 bytes)
[    0.300215] pinctrl core: initialized pinctrl subsystem
[    0.304561] RTC time: 13:11:56, date: 11/17/23
[    0.312313] NET: Registered protocol family 16
[    0.315195] audit: initializing netlink subsys (disabled)
[    0.316171] audit: type=2000 audit(1700226721.666:1): state=initialized audit_enabled=0 res=1
[    0.324007] cpuidle: using governor ladder
[    0.328010] cpuidle: using governor menu
[    0.332164] ACPI: bus type PCI registered
[    0.336006] acpiphp: ACPI Hot Plug PCI Controller Driver version: 0.5
[    0.340372] PCI: Using configuration type 1 for base access
[    0.349108] HugeTLB registered 2.00 MiB page size, pre-allocated 0 pages
[    0.356366] ACPI: Added _OSI(Module Device)
[    0.360006] ACPI: Added _OSI(Processor Device)
[    0.364002] ACPI: Added _OSI(3.0 _SCP Extensions)
[    0.368002] ACPI: Added _OSI(Processor Aggregator Device)
[    0.372003] ACPI: Added _OSI(Linux-Dell-Video)
[    0.374816] ACPI: Added _OSI(Linux-Lenovo-NV-HDMI-Audio)
[    0.376002] ACPI: Added _OSI(Linux-HPI-Hybrid-Graphics)
[    0.380566] ACPI: Executed 1 blocks of module-level executable AML code
[    0.389566] ACPI: Interpreter enabled
[    0.392016] ACPI: (supports S0 S5)
[    0.394456] ACPI: Using IOAPIC for interrupt routing
[    0.396260] PCI: Using host bridge windows from ACPI; if necessary, use "pci=nocrs" and report a bug
[    0.400167] ACPI: Enabled 2 GPEs in block 00 to 07
[    0.414331] ACPI: PCI Root Bridge [PCI0] (domain 0000 [bus 00-ff])
[    0.416005] acpi PNP0A03:00: _OSC: OS supports [ASPM ClockPM Segments MSI]
[    0.424390] acpi PNP0A03:00: _OSC: not requesting OS control; OS requires [ExtendedConfig ASPM ClockPM MSI]
[    0.428009] acpi PNP0A03:00: fail to add MMCONFIG information, can't access extended PCI configuration space under this bridge.
[    0.436219] PCI host bridge to bus 0000:00
[    0.438655] pci_bus 0000:00: root bus resource [io  0x0000-0x0cf7 window]
[    0.440002] pci_bus 0000:00: root bus resource [io  0x0d00-0xffff window]
[    0.444002] pci_bus 0000:00: root bus resource [mem 0x000a0000-0x000bffff window]
[    0.448003] pci_bus 0000:00: root bus resource [mem 0x40000000-0xfdffffff window]
[    0.452002] pci_bus 0000:00: root bus resource [bus 00-ff]
[    0.461690] pci 0000:00:01.1: legacy IDE quirk: reg 0x10: [io  0x01f0-0x01f7]
[    0.464002] pci 0000:00:01.1: legacy IDE quirk: reg 0x14: [io  0x03f6]
[    0.468002] pci 0000:00:01.1: legacy IDE quirk: reg 0x18: [io  0x0170-0x0177]
[    0.472002] pci 0000:00:01.1: legacy IDE quirk: reg 0x1c: [io  0x0376]
[    0.496557] pci 0000:00:07.0: quirk: [io  0x4000-0x403f] claimed by PIIX4 ACPI
[    0.500095] pci 0000:00:07.0: quirk: [io  0x4100-0x410f] claimed by PIIX4 SMB
[    0.515235] ACPI: PCI Interrupt Link [LNKA] (IRQs 5 9 10 *11)
[    0.516354] ACPI: PCI Interrupt Link [LNKB] (IRQs 5 9 *10 11)
[    0.520136] ACPI: PCI Interrupt Link [LNKC] (IRQs 5 *9 10 11)
[    0.524127] ACPI: PCI Interrupt Link [LNKD] (IRQs 5 9 10 *11)
[    0.528541] SCSI subsystem initialized
[    0.532138] pci 0000:00:02.0: vgaarb: setting as boot VGA device
[    0.536000] pci 0000:00:02.0: vgaarb: VGA device added: decodes=io+mem,owns=io+mem,locks=none
[    0.536004] pci 0000:00:02.0: vgaarb: bridge control possible
[    0.539578] vgaarb: loaded
[    0.540075] ACPI: bus type USB registered
[    0.544016] usbcore: registered new interface driver usbfs
[    0.548026] usbcore: registered new interface driver hub
[    0.551091] usbcore: registered new device driver usb
[    0.552185] EDAC MC: Ver: 3.0.0
[    0.556447] PCI: Using ACPI for IRQ routing
[    0.560686] NetLabel: Initializing
[    0.564002] NetLabel:  domain hash size = 128
[    0.566616] NetLabel:  protocols = UNLABELED CIPSOv4 CALIPSO
[    0.568016] NetLabel:  unlabeled traffic allowed by default
[    0.572242] clocksource: Switched to clocksource kvm-clock
[    0.586343] VFS: Disk quotas dquot_6.6.0
[    0.586343] VFS: Dquot-cache hash table entries: 512 (order 0, 4096 bytes)
[    0.586343] AppArmor: AppArmor Filesystem Enabled
[    0.586343] pnp: PnP ACPI init
[    0.586343] pnp: PnP ACPI: found 3 devices
[    0.669922] clocksource: acpi_pm: mask: 0xffffff max_cycles: 0xffffff, max_idle_ns: 2085701024 ns
[    0.672138] NET: Registered protocol family 2
[    0.672138] IP idents hash table entries: 16384 (order: 5, 131072 bytes)
[    0.694867] TCP established hash table entries: 8192 (order: 4, 65536 bytes)
[    0.703564] TCP bind hash table entries: 8192 (order: 5, 131072 bytes)
[    0.712582] TCP: Hash tables configured (established 8192 bind 8192)
[    0.716159] UDP hash table entries: 512 (order: 2, 16384 bytes)
[    0.716159] UDP-Lite hash table entries: 512 (order: 2, 16384 bytes)
[    0.716159] NET: Registered protocol family 1
[    0.716159] pci 0000:00:00.0: Limiting direct PCI/PCI transfers
[    0.716159] pci 0000:00:01.0: Activating ISA DMA hang workarounds
[    0.716159] pci 0000:00:02.0: Video device with shadowed ROM at [mem 0x000c0000-0x000dffff]
[    0.716159] Unpacking initramfs...
[    0.716159] Freeing initrd memory: 19528K
[    0.716159] clocksource: tsc: mask: 0xffffffffffffffff max_cycles: 0x28680fa287f, max_idle_ns: 440795281151 ns
[    0.716159] platform rtc_cmos: registered platform RTC device (no PNP device found)
[    0.716159] Scanning for low memory corruption every 60 seconds
[    1.165973] Initialise system trusted keyrings
[    1.172946] Key type blacklist registered
[    1.178932] workingset: timestamp_bits=36 max_order=18 bucket_order=0
[    1.188471] zbud: loaded
[    1.195038] squashfs: version 4.0 (2009/01/31) Phillip Lougher
[    1.204681] fuse init (API version 7.26)
[    1.231467] Key type asymmetric registered
[    1.237210] Asymmetric key parser 'x509' registered
[    1.243900] Block layer SCSI generic (bsg) driver version 0.4 loaded (major 246)
[    1.254297] io scheduler noop registered
[    1.259607] io scheduler deadline registered
[    1.263468] io scheduler cfq registered (default)
[    1.267498] ACPI: AC Adapter [AC] (on-line)
[    1.273799] input: Power Button as /devices/LNXSYSTM:00/LNXPWRBN:00/input/input0
[    1.281743] ACPI: Power Button [PWRF]
[    1.286633] input: Sleep Button as /devices/LNXSYSTM:00/LNXSLPBN:00/input/input1
[    1.292248] ACPI: Sleep Button [SLPF]
[    1.296039] ACPI: Battery Slot [BAT0] (battery present)
[    1.299630] Serial: 8250/16550 driver, 32 ports, IRQ sharing enabled
[    1.328646] 00:02: ttyS0 at I/O 0x3f8 (irq = 4, base_baud = 115200) is a 16550A
[    1.350300] Linux agpgart interface v0.103
[    1.362238] loop: module loaded
[    1.369652] scsi host0: ata_piix
[    1.373919] scsi host1: ata_piix
[    1.378759] ata1: PATA max UDMA/33 cmd 0x1f0 ctl 0x3f6 bmdma 0xd000 irq 14
[    1.388334] ata2: PATA max UDMA/33 cmd 0x170 ctl 0x376 bmdma 0xd008 irq 15
[    1.398424] tun: Universal TUN/TAP device driver, 1.6
[    1.406576] PPP generic driver version 2.4.2
[    1.412930] ehci_hcd: USB 2.0 'Enhanced' Host Controller (EHCI) Driver
[    1.421169] ehci-pci: EHCI PCI platform driver
[    1.425209] ehci-platform: EHCI generic platform driver
[    1.428581] ohci_hcd: USB 1.1 'Open' Host Controller (OHCI) Driver
[    1.432218] ohci-pci: OHCI PCI platform driver
[    1.432549] ohci-platform: OHCI generic platform driver
[    1.437927] uhci_hcd: USB Universal Host Controller Interface driver
[    1.442005] i8042: PNP: PS/2 Controller [PNP0303:PS2K,PNP0f03:PS2M] at 0x60,0x64 irq 1,12
[    1.449184] serio: i8042 KBD port at 0x60,0x64 irq 1
[    1.452215] serio: i8042 AUX port at 0x60,0x64 irq 12
[    1.456244] mousedev: PS/2 mouse device common for all mice
[    1.462837] rtc_cmos rtc_cmos: rtc core: registered rtc_cmos as rtc0
[    1.467673] input: AT Translated Set 2 keyboard as /devices/platform/i8042/serio0/input/input2
[    1.468448] rtc_cmos rtc_cmos: alarms up to one day, 114 bytes nvram
[    1.477857] i2c /dev entries driver
[    1.480849] device-mapper: uevent: version 1.0.3
[    1.483986] device-mapper: ioctl: 4.37.0-ioctl (2017-09-20) initialised: dm-devel@redhat.com
[    1.490004] ledtrig-cpu: registered to indicate activity on CPUs
[    1.498507] NET: Registered protocol family 10
[    1.518277] Segment Routing with IPv6
[    1.523481] NET: Registered protocol family 17
[    1.529542] Key type dns_resolver registered
[    1.535837] mce: Using 0 MCE banks
[    1.541083] RAS: Correctable Errors collector initialized.
[    1.549029] sched_clock: Marking stable (1548985252, 0)->(2147942822, -598957570)
[    1.618959] registered taskstats version 1
[    1.627831] Loading compiled-in X.509 certificates
[    1.642345] Loaded X.509 cert 'Build time autogenerated kernel key: b5b26778eaa3ab3a4a6cee031137706e947d12ad'
[    1.657129] Loaded X.509 cert 'Canonical Ltd. Live Patch Signing: 14df34d1a87cf37625abec039ef2bf521249b969'
[    1.673961] Loaded X.509 cert 'Canonical Ltd. Kernel Module Signing: 88f752e560a1e0737e31163a466ad7b70a850c19'
[    1.690553] blacklist: Loading compiled-in revocation X.509 certificates
[    1.703842] Loaded X.509 cert 'Canonical Ltd. Secure Boot Signing: 61482aa2830d0ab2ad5af10b7250da9033ddcef0'
[    1.717520] Loaded X.509 cert 'Canonical Ltd. Secure Boot Signing (2017): 242ade75ac4a15e50d50c84b0d45ff3eae707a03'
[    1.730615] Loaded X.509 cert 'Canonical Ltd. Secure Boot Signing (ESM 2018): 365188c1d374d6b07c3c8f240f8ef722433d6a8b'
[    1.747268] Loaded X.509 cert 'Canonical Ltd. Secure Boot Signing (2019): c0746fd6c5da3ae827864651ad66ae47fe24b3e8'
[    1.760847] Loaded X.509 cert 'Canonical Ltd. Secure Boot Signing (2021 v1): a8d54bbb3825cfb94fa13c9f8a594a195c107b8d'
[    1.778450] Loaded X.509 cert 'Canonical Ltd. Secure Boot Signing (2021 v2): 4cf046892d6fd3c9a5b03f98d845f90851dc6a8c'
[    1.793519] Loaded X.509 cert 'Canonical Ltd. Secure Boot Signing (2021 v3): 100437bb6de6e469b581e61cd66bce3ef4ed53af'
[    1.808729] Loaded X.509 cert 'Canonical Ltd. Secure Boot Signing (Ubuntu Core 2019): c1d57b8f6b743f23ee41f4f7ee292f06eecadfb9'
[    1.827468] zswap: loaded using pool lzo/zbud
[    1.851774] Key type big_key registered
[    1.860948] Key type trusted registered
[    1.879172] Key type encrypted registered
[    1.889995] AppArmor: AppArmor sha1 policy hashing enabled
[    1.899510] ima: No TPM chip found, activating TPM-bypass! (rc=-19)
[    1.913655] ima: Allocated hash algorithm: sha1
[    1.922283] evm: HMAC attrs: 0x1
[    1.927834]   Magic number: 15:303:180
[    1.934738] rtc_cmos rtc_cmos: setting system clock to 2023-11-17 13:11:58 UTC (1700226718)
[    1.943446] BIOS EDD facility v0.16 2004-Jun-25, 0 devices found
[    1.950899] EDD information not available.
[    1.956027] Freeing unused kernel image memory: 2480K
[    1.980082] Write protecting the kernel read-only data: 20480k
[    1.988514] Freeing unused kernel image memory: 2008K
[    1.995793] Freeing unused kernel image memory: 1820K
[    2.005207] x86/mm: Checked W+X mappings: passed, no W+X pages found.
Loading, please wait...
starting version 237
[    2.075698] e1000: Intel(R) PRO/1000 Network Driver - version 7.3.21-k8-NAPI
[    2.085836] e1000: Copyright (c) 1999-2006 Intel Corporation.
[    2.104945] Fusion MPT base driver 3.04.20
[    2.112526] Copyright (c) 1999-2008 LSI Corporation
[    2.161045] SSE version of gcm_enc/dec engaged.
[    2.173894] Fusion MPT SPI Host driver 3.04.20
[    2.355753] input: ImExPS/2 Generic Explorer Mouse as /devices/platform/i8042/serio1/input/input4
[    3.021702] e1000 0000:00:03.0 eth0: (PCI:33MHz:32-bit) 02:3b:7b:b7:3b:2d
[    3.034231] e1000 0000:00:03.0 eth0: Intel(R) PRO/1000 Network Connection
[    3.914268] e1000 0000:00:08.0 eth1: (PCI:33MHz:32-bit) 08:00:27:65:9f:79
[    3.923859] e1000 0000:00:08.0 eth1: Intel(R) PRO/1000 Network Connection
[    3.934947] e1000 0000:00:03.0 enp0s3: renamed from eth0
[    3.944304] mptbase: ioc0: Initiating bringup
[  684.560773] INFO: rcu_sched self-detected stall on CPU
[  684.560922] INFO: rcu_sched detected stalls on CPUs/tasks:
[  684.565213] 	0-...!: (1 ticks this GP) idle=bde/1/0 softirq=944/944 fqs=1 
[  684.578442] 	 (t=170157 jiffies g=-221 c=-222 q=137)
[  684.578605] 	0-...!: (1 ticks this GP) idle=bde/1/0 softirq=944/944 fqs=1 
[  684.582336] rcu_sched kthread starved for 170155 jiffies! g18446744073709551395 c18446744073709551394 f0x0 RCU_GP_WAIT_FQS(3) ->state=0x402 ->cpu=1
[  684.591741] 	(detected by 1, t=170157 jiffies, g=-221, c=-222, q=137)
[  684.606336] rcu_sched       I    0     8      2 0x80000000
[  684.612942] Sending NMI from CPU 1 to CPUs 0:
[  684.619890] Call Trace:
[  684.626371] NMI backtrace for cpu 0
[  684.626372] CPU: 0 PID: 0 Comm: swapper/0 Not tainted 4.15.0-212-generic #223-Ubuntu
[  684.626372] Hardware name: innotek GmbH VirtualBox/VirtualBox, BIOS VirtualBox 12/01/2006
[  684.626372] RIP: 0010:io_serial_out+0x1a/0x20
[  684.626373] RSP: 0018:ffff8b97ffc03b00 EFLAGS: 00010002
[  684.626373] RAX: 000000000000005b RBX: ffffffffa5f16e60 RCX: 0000000000000000
[  684.626373] RDX: 00000000000003f8 RSI: 0000000000000000 RDI: ffffffffa5f16e60
[  684.626374] RBP: ffff8b97ffc03b00 R08: 0000000000000000 R09: 0000000000000007
[  684.626374] R10: 0000000000000000 R11: ffffffffa5d6a80d R12: 000000000000005b
[  684.626374] R13: ffffffffa5d6a81b R14: ffffffffa5d6a801 R15: ffffffffa5f16e60
[  684.626374] FS:  0000000000000000(0000) GS:ffff8b97ffc00000(0000) knlGS:0000000000000000
[  684.626375] CS:  0010 DS: 0000 ES: 0000 CR0: 0000000080050033
[  684.626375] CR2: 00005565b56cbba8 CR3: 000000002c20a003 CR4: 00000000000206f0
[  684.626375] Call Trace:
[  684.626375]  <IRQ>
[  684.626376]  serial8250_console_putchar+0x2d/0x40
[  684.626376]  ? wait_for_xmitr+0xb0/0xb0
[  684.626376]  uart_console_write+0x4c/0x60
[  684.626376]  serial8250_console_write+0x10a/0x2a0
[  684.626376]  ? msg_print_text+0x80/0x100
[  684.626377]  univ8250_console_write+0x21/0x30
[  684.626377]  console_unlock+0x3cf/0x560
[  684.626377]  vprintk_emit+0x134/0x2c0
[  684.626377]  vprintk_default+0x29/0x50
[  684.626377]  vprintk_func+0x47/0xc0
[  684.626377]  printk+0x52/0x6e
[  684.626378]  show_trace_log_lvl+0x8c/0x3d0
[  684.626378]  ? vprintk_default+0x29/0x50
[  684.626378]  ? vprintk_func+0x47/0xc0
[  684.626378]  show_stack+0x34/0x50
[  684.626378]  sched_show_task+0xfe/0x130
[  684.626379]  rcu_check_gp_kthread_starvation+0xad/0xc0
[  684.626379]  rcu_check_callbacks+0x6c5/0x8e0
[  684.626379]  ? tick_sched_do_timer+0x50/0x50
[  684.626379]  update_process_times+0x2f/0x60
[  684.626379]  tick_sched_handle+0x26/0x70
[  684.626380]  ? tick_sched_do_timer+0x42/0x50
[  684.626380]  tick_sched_timer+0x39/0x80
[  684.626380]  __hrtimer_run_queues+0xdf/0x230
[  684.626380]  hrtimer_interrupt+0x97/0x180
[  684.626380]  smp_apic_timer_interrupt+0x6f/0x140
[  684.626381]  apic_timer_interrupt+0x90/0xa0
[  684.626381]  </IRQ>
[  684.626381] RIP: 0010:native_safe_halt+0x12/0x20
[  684.626381] RSP: 0018:ffffffffa5803e28 EFLAGS: 00010246 ORIG_RAX: ffffffffffffff11
[  684.626382] RAX: ffffffffa4dcfa40 RBX: 0000000000000000 RCX: 0000000000000000
[  684.626382] RDX: 0000000000000000 RSI: 0000000000000000 RDI: 0000000000000000
[  684.626382] RBP: ffffffffa5803e28 R08: 0000000000000002 R09: 0000000000000002
[  684.626383] R10: 0000000000000001 R11: 0000000000000000 R12: 0000000000000000
[  684.626383] R13: 0000000000000000 R14: 0000000000000000 R15: 0000000000000000
[  684.626383]  ? __sched_text_end+0x1/0x1
[  684.626383]  default_idle+0x20/0x100
[  684.626383]  arch_cpu_idle+0x15/0x20
[  684.626384]  default_idle_call+0x23/0x30
[  684.626384]  do_idle+0x172/0x1f0
[  684.626384]  cpu_startup_entry+0x73/0x80
[  684.626384]  rest_init+0xae/0xb0
[  684.626384]  start_kernel+0x4c9/0x4ed
[  684.626385]  x86_64_start_reservations+0x24/0x26
[  684.626385]  x86_64_start_kernel+0x8e/0x91
[  684.626385]  secondary_startup_64+0xa5/0xb0
[  684.626385] Code: 55 48 89 e5 d3 e6 01 f2 ec 0f b6 c0 5d c3 0f 1f 00 0f 1f 44 00 00 0f b6 8f a1 00 00 00 89 d0 8b 57 08 55 48 89 e5 d3 e6 01 f2 ee <5d> c3 0f 1f 40 00 0f 1f 44 00 00 0f b6 87 a2 00 00 00 55 48 c7 
[  684.626394] rcu_sched kthread starved for 170155 jiffies! g18446744073709551395 c18446744073709551394 f0x0 RCU_GP_WAIT_FQS(3) ->state=0x402 ->cpu=1
[  684.628724]  __schedule+0x24e/0x890
[  684.633792] rcu_sched       I    0     8      2 0x80000000
[  684.644490]  schedule+0x2c/0x80
[  684.654862] Call Trace:
[  684.660463]  schedule_timeout+0x15d/0x370
[  684.667436]  __schedule+0x24e/0x890
[  684.676513]  ? __next_timer_interrupt+0xe0/0xe0
[  684.686192]  schedule+0x2c/0x80
[  684.694512]  rcu_gp_kthread+0x53a/0x980
[  684.701634]  schedule_timeout+0x15d/0x370
[  684.707581]  kthread+0x121/0x140
[  684.713532]  ? __next_timer_interrupt+0xe0/0xe0
[  684.717541]  ? rcu_note_context_switch+0x150/0x150
[  684.722860]  rcu_gp_kthread+0x53a/0x980
[  684.724692]  ? kthread_create_worker_on_cpu+0x70/0x70
[  684.726582]  kthread+0x121/0x140
[  684.730086]  ret_from_fork+0x1f/0x40
[  684.733106]  ? rcu_note_context_switch+0x150/0x150
[  684.735901] NMI backtrace for cpu 0
[  684.739589]  ? kthread_create_worker_on_cpu+0x70/0x70
[  684.742312] CPU: 0 PID: 0 Comm: swapper/0 Not tainted 4.15.0-212-generic #223-Ubuntu
[  684.745681]  ret_from_fork+0x1f/0x40
[  684.748666] Hardware name: innotek GmbH VirtualBox/VirtualBox, BIOS VirtualBox 12/01/2006
[  684.925493] Call Trace:
[  684.926949]  <IRQ>
[  684.928233]  dump_stack+0x6d/0x8b
[  684.930223]  nmi_cpu_backtrace+0x94/0xa0
[  684.932379]  ? lapic_can_unplug_cpu+0xb0/0xb0
[  684.935127]  nmi_trigger_cpumask_backtrace+0xe7/0x130
[  684.937821]  arch_trigger_cpumask_backtrace+0x19/0x20
[  684.940499]  rcu_dump_cpu_stacks+0xa3/0xd5
[  684.942785]  rcu_check_callbacks+0x6cd/0x8e0
[  684.945175]  ? tick_sched_do_timer+0x50/0x50
[  684.947535]  update_process_times+0x2f/0x60
[  684.949889]  tick_sched_handle+0x26/0x70
[  684.952042]  ? tick_sched_do_timer+0x42/0x50
[  684.954678]  tick_sched_timer+0x39/0x80
[  684.957652]  __hrtimer_run_queues+0xdf/0x230
[  684.960724]  hrtimer_interrupt+0x97/0x180
[  684.963244]  smp_apic_timer_interrupt+0x6f/0x140
[  684.966188]  apic_timer_interrupt+0x90/0xa0
[  684.968794]  </IRQ>
[  684.970216] RIP: 0010:native_safe_halt+0x12/0x20
[  684.973140] RSP: 0018:ffffffffa5803e28 EFLAGS: 00010246 ORIG_RAX: ffffffffffffff11
[  684.977642] RAX: ffffffffa4dcfa40 RBX: 0000000000000000 RCX: 0000000000000000
[  684.982490] RDX: 0000000000000000 RSI: 0000000000000000 RDI: 0000000000000000
[  684.986299] RBP: ffffffffa5803e28 R08: 0000000000000002 R09: 0000000000000002
[  684.990150] R10: 0000000000000001 R11: 0000000000000000 R12: 0000000000000000
[  684.994320] R13: 0000000000000000 R14: 0000000000000000 R15: 0000000000000000
[  684.999027]  ? __sched_text_end+0x1/0x1
[  685.001140]  default_idle+0x20/0x100
[  685.003187]  arch_cpu_idle+0x15/0x20
[  685.005221]  default_idle_call+0x23/0x30
[  685.007519]  do_idle+0x172/0x1f0
[  685.009404]  cpu_startup_entry+0x73/0x80
[  685.011567]  rest_init+0xae/0xb0
[  685.014129]  start_kernel+0x4c9/0x4ed
[  685.016415]  x86_64_start_reservations+0x24/0x26
[  685.020099]  x86_64_start_kernel+0x8e/0x91
[  685.022756]  secondary_startup_64+0xa5/0xb0
[  685.142894] ioc0: LSI53C1030 A0: Capabilities={Initiator}
[  685.866157] scsi host2: ioc0: LSI53C1030 A0, FwRev=00000000h, Ports=1, MaxQ=256, IRQ=20
[  686.069647] scsi 2:0:0:0: Direct-Access     VBOX     HARDDISK         1.0  PQ: 0 ANSI: 5
[  686.112613] scsi target2:0:0: Beginning Domain Validation
[  686.128069] scsi target2:0:0: Domain Validation skipping write tests
[  686.135059] scsi target2:0:0: Ending Domain Validation
[  686.138809] scsi target2:0:0: asynchronous
[  686.143851] scsi 2:0:1:0: Direct-Access     VBOX     HARDDISK         1.0  PQ: 0 ANSI: 5
[  686.282810] scsi target2:0:1: Beginning Domain Validation
[  686.299323] scsi target2:0:1: Domain Validation skipping write tests
[  686.305819] scsi target2:0:1: Ending Domain Validation
[  686.312633] scsi target2:0:1: asynchronous
[  686.331460] sd 2:0:0:0: Attached scsi generic sg0 type 0
[  686.340185] sd 2:0:0:0: [sda] 83886080 512-byte logical blocks: (42.9 GB/40.0 GiB)
[  686.340210] sd 2:0:1:0: Attached scsi generic sg1 type 0
[  686.358554] sd 2:0:1:0: [sdb] 20480 512-byte logical blocks: (10.5 MB/10.0 MiB)
[  686.367114] sd 2:0:0:0: [sda] Write Protect is off
[  686.373187] sd 2:0:1:0: [sdb] Write Protect is off
[  686.381074] sd 2:0:0:0: [sda] Incomplete mode parameter data
[  686.389422] sd 2:0:0:0: [sda] Assuming drive cache: write through
[  686.395698] sd 2:0:1:0: [sdb] Incomplete mode parameter data
[  686.402520] sd 2:0:1:0: [sdb] Assuming drive cache: write through
[  686.414255]  sda: sda1
[  686.422342] sd 2:0:0:0: [sda] Attached SCSI disk
[  686.427423] sd 2:0:1:0: [sdb] Attached SCSI disk
Begin: Loading essential drivers ... [  688.224361] raid6: sse2x1   gen() 13805 MB/s
[  688.285879] raid6: sse2x1   xor() 12493 MB/s
[  688.347396] raid6: sse2x2   gen() 24833 MB/s
[  688.408996] raid6: sse2x2   xor() 17743 MB/s
[  688.460348] raid6: sse2x4   gen() 20402 MB/s
[  688.512224] raid6: sse2x4   xor() 11813 MB/s
[  688.518408] raid6: using algorithm sse2x2 gen() 24833 MB/s
[  688.525982] raid6: .... xor() 17743 MB/s, rmw enabled
[  688.534038] raid6: using ssse3x2 recovery algorithm
[  688.543618] xor: measuring software checksum speed
[  688.588157]    prefetch64-sse: 26459.000 MB/sec
[  688.632759]    generic_sse: 27192.000 MB/sec
[  688.638310] xor: using function: generic_sse (27192.000 MB/sec)
[  688.650180] async_tx: api initialized (async)
done.
Begin: Running /scripts/init-premount ... done.
Begin: Mounting root file system ... Begin: Running /scripts/local-top ... done.
Begin: Running /scripts/local-premount ... [  688.713696] Btrfs loaded, crc32c=crc32c-intel
Scanning for Btrfs filesystems
done.
Warning: fsck not present, so skipping root file system
[  688.781383] EXT4-fs (sda1): mounted filesystem with ordered data mode. Opts: (null)
done.
Begin: Running /scripts/local-bottom ... done.
Begin: Running /scripts/init-bottom ... done.
[  689.097373] ip_tables: (C) 2000-2006 Netfilter Core Team
[  689.123168] systemd[1]: systemd 237 running in system mode. (+PAM +AUDIT +SELINUX +IMA +APPARMOR +SMACK +SYSVINIT +UTMP +LIBCRYPTSETUP +GCRYPT +GNUTLS +ACL +XZ +LZ4 +SECCOMP +BLKID +ELFUTILS +KMOD -IDN2 +IDN -PCRE2 default-hierarchy=hybrid)
[  689.144348] systemd[1]: Detected virtualization oracle.
[  689.151648] systemd[1]: Detected architecture x86-64.

Welcome to [1mUbuntu 18.04.6 LTS[0m!

[  689.181777] systemd[1]: Set hostname to <scriptbox>.
[  689.696903] systemd[1]: Created slice User and Session Slice.
[[0;32m  OK  [0m] Created slice User and Session Slice.
[  689.705781] systemd[1]: Reached target System Time Synchronized.
[[0;32m  OK  [0m] Reached target System Time Synchronized.
[  689.717386] systemd[1]: Reached target User and Group Name Lookups.
[[0;32m  OK  [0m] Reached target User and Group Name Lookups.
[  689.726490] systemd[1]: Reached target Swap.
[[0;32m  OK  [0m] Reached target Swap.
[  689.735677] systemd[1]: Started Forward Password Requests to Wall Directory Watch.
[[0;32m  OK  [0m] Started Forward Password Requests to Wall Directory Watch.
[  689.750907] systemd[1]: Set up automount Arbitrary Executable File Formats File System Automount Point.
[[0;32m  OK  [0m] Set up automount Arbitrary Executabâ€¦rmats File System Automount Point.
[[0;32m  OK  [0m] Created slice System Slice.
[[0;32m  OK  [0m] Created slice system-serial\x2dgetty.slice.
[[0;32m  OK  [0m] Listening on Journal Socket.
[[0;32m  OK  [0m] Listening on udev Kernel Socket.
[[0;32m  OK  [0m] Listening on LVM2 metadata daemon socket.
[[0;32m  OK  [0m] Listening on fsck to fsckd communication Socket.
         Starting File System Check on Root Device...
         Starting Load Kernel Modules...
         Starting Uncomplicated firewall...
[  689.831360] Loading iSCSI transport class v2.0-870.
[[0;32m  OK  [0m] Reached target Slices.
         Starting Set the console keyboard layout...
         Starting Create list of required stâ€¦ce nodes for the current kernel...
         Mounting Huge Pages File System...
         Mounting Kernel Debug File System...
[[0;32m  OK  [0m] Listening on udev Control Socket.
         Starting udev Coldplug all Devices...
[[0;32m  OK  [0m] Listening on /dev/initctl Compatibility Named Pipe.
[[0;32m  OK  [0m] Listening on Network Service Netlink Socket.
[[0;32m  OK  [0m] Listening on Device-mapper event daemon FIFOs.
         Starting Monitoring of LVM2 mirrorsâ€¦ng dmeventd or progress polling...
[[0;32m  OK  [0m] Listening on Journal Audit Socket.
[[0;32m  OK  [0m] Listening on Journal Socket (/dev/log).
         Mounting POSIX Message Queue File System...
[[0;32m  OK  [0m] Listening on LVM2 poll daemon socket.
[[0;32m  OK  [0m] Listening on Syslog Socket.
         Starting Journal Service...
[[0;32m  OK  [0m] Reached target Mounting snaps.
[[0;32m  OK  [0m] Reached target Mounted snaps.
[[0;32m  OK  [0m] Started File System Check on Root Device.
[[0;32m  OK  [0m] Started Uncomplicated firewall.
[[0;32m  OK  [0m] Started Create list of required staâ€¦vice nodes for the current kernel.
[[0;32m  OK  [0m] Mounted Huge Pages File System.
[[0;32m  OK  [0m] Mounted Kernel Debug File System.
[[0;32m  OK  [0m] Mounted POSIX Message Queue File System.
[[0;32m  OK  [0m] Started File System Check Daemon to report status.
         Starting Create Static Device Nodes in /dev...
         Starting Remount Root and Kernel File Systems...
[[0;32m  OK  [0m] Started LVM2 metadata daemon.
[  689.999813] iscsi: registered transport (tcp)
[[0;32m  OK  [0m] Started udev Coldplug all Devices.
[[0;32m  OK  [0m] Started Journal Service.
[[0;32m  OK  [0m] Started Create Static Device Nodes in /dev.
[  690.107453] iscsi: registered transport (iser)
[[0;32m  OK  [0m] Started Load Kernel Modules.
         Mounting FUSE Control File System...
[  690.132918] EXT4-fs (sda1): re-mounted. Opts: (null)
         Starting Apply Kernel Variables...
         Mounting Kernel Configuration File System...
[[0;32m  OK  [0m] Started Remount Root and Kernel File Systems.
[[0;32m  OK  [0m] Mounted Kernel Configuration File System.
[[0;32m  OK  [0m] Mounted FUSE Control File System.
         Starting udev Kernel Device Manager...
         Starting Load/Save Random Seed...
         Starting Flush Journal to Persistent Storage...
[[0;32m  OK  [0m] Started Load/Save Random Seed.
[  690.187429] systemd-journald[432]: Received request to flush runtime journal from PID 1
[[0;32m  OK  [0m] Started Set the console keyboard layout.
[[0;32m  OK  [0m] Started udev Kernel Device Manager.
[[0;32m  OK  [0m] Started Dispatch Password Requests to Console Directory Watch.
[[0;32m  OK  [0m] Reached target Local Encrypted Volumes.
[[0;32m  OK  [0m] Started Monitoring of LVM2 mirrors,â€¦sing dmeventd or progress polling.
[[0;32m  OK  [0m] Reached target Local File Systems (Pre).
[[0;32m  OK  [0m] Reached target Local File Systems.
         Starting Tell Plymouth To Write Out Runtime Data...
         Starting Set console font and keymap...
         Starting AppArmor initialization...
         Starting ebtables ruleset management...
[[0;32m  OK  [0m] Started Apply Kernel Variables.
[[0;32m  OK  [0m] Started Flush Journal to Persistent Storage.
         Starting Create Volatile Files and Directories...
[[0;32m  OK  [0m] Started Tell Plymouth To Write Out Runtime Data.
[[0;32m  OK  [0m] Started Set console font and keymap.
[[0;32m  OK  [0m] Started Create Volatile Files and Directories.
         Starting Update UTMP about System Boot/Shutdown...
[[0;32m  OK  [0m] Started Update UTMP about System Boot/Shutdown.
[[0;32m  OK  [0m] Started ebtables ruleset management.
[[0;32m  OK  [0m] Found device /dev/ttyS0.
[[0;32m  OK  [0m] Listening on Load/Save RF Kill Switch Status /dev/rfkill Watch.
[[0;32m  OK  [0m] Started AppArmor initialization.
         Starting Initial cloud-init job (pre-networking)...
         Starting Load AppArmor profiles managed internally by snapd...
         Mounting Arbitrary Executable File Formats File System...
[[0;32m  OK  [0m] Mounted Arbitrary Executable File Formats File System.
[[0;32m  OK  [0m] Started Load AppArmor profiles managed internally by snapd.
[  692.563419] cloud-init[576]: Cloud-init v. 23.1.2-0ubuntu0~18.04.1 running 'init-local' at Fri, 17 Nov 2023 13:23:28 +0000. Up 692.34 seconds.
[[0;32m  OK  [0m] Started Initial cloud-init job (pre-networking).
[[0;32m  OK  [0m] Reached target Network (Pre).
         Starting Network Service...
[[0;32m  OK  [0m] Started Network Service.
         Starting Wait for Network to be Configured...
         Starting Network Name Resolution...
[[0;32m  OK  [0m] Started Network Name Resolution.
[[0;32m  OK  [0m] Reached target Host and Network Name Lookups.
[[0;32m  OK  [0m] Reached target Network.
[[0;32m  OK  [0m] Started Wait for Network to be Configured.
         Starting Initial cloud-init job (metadata service crawler)...
[  694.389173] cloud-init[692]: Cloud-init v. 23.1.2-0ubuntu0~18.04.1 running 'init' at Fri, 17 Nov 2023 13:23:30 +0000. Up 694.28 seconds.
[  694.394030] cloud-init[692]: ci-info: ++++++++++++++++++++++++++++++++++++++Net device info+++++++++++++++++++++++++++++++++++++++
[  694.399105] cloud-init[692]: ci-info: +--------+------+-----------------------------+---------------+--------+-------------------+
[  694.403574] cloud-init[692]: ci-info: | Device |  Up  |           Address           |      Mask     | Scope  |     Hw-Address    |
[  694.409205] cloud-init[692]: ci-info: +--------+------+-----------------------------+---------------+--------+-------------------+
[  694.413729] cloud-init[692]: ci-info: | enp0s3 | True |          10.0.2.15          | 255.255.255.0 | global | 02:3b:7b:b7:3b:2d |
[  694.428555] cloud-init[692]: ci-info: | enp0s3 | True |  fe80::3b:7bff:feb7:3b2d/64 |       .       |  link  | 02:3b:7b:b7:3b:2d |
[  694.432409] cloud-init[692]: ci-info: | enp0s8 | True |         192.168.10.2        | 255.255.255.0 | global | 08:00:27:65:9f:79 |
[  694.436175] cloud-init[692]: ci-info: | enp0s8 | True | fe80::a00:27ff:fe65:9f79/64 |       .       |  link  | 08:00:27:65:9f:79 |
[  694.439816] cloud-init[692]: ci-info: |   lo   | True |          127.0.0.1          |   255.0.0.0   |  host  |         .         |
[  694.443320] cloud-init[692]: ci-info: |   lo   | True |           ::1/128           |       .       |  host  |         .         |
[  694.447982] cloud-init[692]: ci-info: +--------+------+-----------------------------+---------------+--------+-------------------+
[  694.451800] cloud-init[692]: ci-info: +++++++++++++++++++++++++++++Route IPv4 info+++++++++++++++++++++++++++++
[  694.454801] cloud-init[692]: ci-info: +-------+--------------+----------+-----------------+-----------+-------+
[  694.458510] cloud-init[692]: ci-info: | Route | Destination  | Gateway  |     Genmask     | Interface | Flags |
[  694.465277] cloud-init[692]: ci-info: +-------+--------------+----------+-----------------+-----------+-------+
[  694.470568] cloud-init[692]: ci-info: |   0   |   0.0.0.0    | 10.0.2.2 |     0.0.0.0     |   enp0s3  |   UG  |
[  694.492466] cloud-init[692]: ci-info: |   1   |   10.0.2.0   | 0.0.0.0  |  255.255.255.0  |   enp0s3  |   U   |
[  694.496420] cloud-init[692]: ci-info: |   2   |   10.0.2.2   | 0.0.0.0  | 255.255.255.255 |   enp0s3  |   UH  |
[  694.499988] cloud-init[692]: ci-info: |   3   | 192.168.10.0 | 0.0.0.0  |  255.255.255.0  |   enp0s8  |   U   |
[  694.503087] cloud-init[692]: ci-info: +-------+--------------+----------+-----------------+-----------+-------+
[  694.506223] cloud-init[692]: ci-info: +++++++++++++++++++Route IPv6 info+++++++++++++++++++
[  694.509564] cloud-init[692]: ci-info: +-------+-------------+---------+-----------+-------+
[  694.532344] cloud-init[692]: ci-info: | Route | Destination | Gateway | Interface | Flags |
[  694.545208] cloud-init[692]: ci-info: +-------+-------------+---------+-----------+-------+
[  694.553082] cloud-init[692]: ci-info: |   1   |  fe80::/64  |    ::   |   enp0s8  |   U   |
[  694.572724] cloud-init[692]: ci-info: |   2   |  fe80::/64  |    ::   |   enp0s3  |   U   |
[  694.592746] cloud-init[692]: ci-info: |   4   |    local    |    ::   |   enp0s3  |   U   |
[  694.608479] cloud-init[692]: ci-info: |   5   |    local    |    ::   |   enp0s8  |   U   |
[  694.614415] cloud-init[692]: ci-info: |   6   |   ff00::/8  |    ::   |   enp0s8  |   U   |
[[  694.640531] cloud-init[692]: ci-info: |   7   |   ff00::/8  |    ::   |   enp0s3  |   U   |
[  694.644648] cloud-init[692]: ci-info: +-------+-------------+---------+-----------+-------+[0;32m  OK  [0m] Started Initial cloud-init job (metadata service crawler).
[[0;32m  OK  [0m] Reached target System Initialization.
[[0;32m  OK  [0m] Listening on ACPID Listen Socket.
[[0;32m  OK  [0m] Started Message of the Day.
[[0;32m  OK  [0m] Listening on D-Bus System Message Bus Socket.
[[0;32m  OK  [0m] Started Ubuntu Advantage Timer for running repeated jobs.
[[0;32m  OK  [0m] Listening on UUID daemon activation socket.
[[0;32m  OK  [0m] Started Discard unused blocks once a week.
[[0;32m  OK  [0m] Listening on cloud-init hotplug hook socket.
[[0;32m  OK  [0m] Started Daily Cleanup of Temporary Directories.
         Starting LXD - unix socket.
[[0;32m  OK  [0m] Started Daily apt download activities.
[[0;32m  OK  [0m] Started ACPI Events Check.
[[0;32m  OK  [0m] Reached target Paths.
[[0;32m  OK  [0m] Listening on Open-iSCSI iscsid Socket.
         Starting Socket activation for snappy daemon.
[[0;32m  OK  [0m] Started Daily apt upgrade and clean activities.
[[0;32m  OK  [0m] Reached target Timers.
[[0;32m  OK  [0m] Reached target Network is Online.
[[0;32m  OK  [0m] Reached target Remote File Systems (Pre).
         Starting Availability of block devices...
         Mounting /vagrant...
[[0;32m  OK  [0m] Reached target Cloud-config availability.
[[0;32m  OK  [0m] Listening on LXD - unix socket.
[[0;32m  OK  [0m] Started Availability of block devices.
[[0;32m  OK  [0m] Listening on Socket activation for snappy daemon.
[[0;32m  OK  [0m] Reached target Sockets.
[[0;32m  OK  [0m] Reached target Basic System.

         Starting Login Service...
[[0;32m  OK  [0m] Started D-Bus System Message Bus.
         Starting LXD - container startup/shutdown...
         Starting LSB: Record successful boot for GRUB...
[[0;32m  OK  [0m] Reached target Login Prompts (Pre).
         Starting Accounts Service...
[[0;32m  OK  [0m] Started Deferred execution scheduler.
         Starting Message of the Day...
         Starting System Logging Service...
         Starting Dispatcher daemon for systemd-networkd...
         Starting OpenBSD Secure Shell server...
[[0;32m  OK  [0m] Started Regular background program processing daemon.
[[0;32m  OK  [0m] Started FUSE filesystem for LXC.
[[0;32m  OK  [0m] Started irqbalance daemon.
         Starting Virtualbox guest utils...
         Starting Snap Daemon...
[[0;32m  OK  [0m] Started System Logging Service.
[[0;32m  OK  [0m] Mounted /vagrant.
[[0;32m  OK  [0m] Started Login Service.
         Starting Authorization Manager...
[[0;32m  OK  [0m] Started Unattended Upgrades Shutdown.
[[0;32m  OK  [0m] Reached target Remote File Systems.
         Starting Permit User Sessions...
         Starting LSB: automatic crash report generation...
[[0;32m  OK  [0m] Started LXD - container startup/shutdown.
[[0;32m  OK  [0m] Started OpenBSD Secure Shell server.
[[0;32m  OK  [0m] Started Permit User Sessions.
         Starting Hold until boot process finishes up...
         Starting Terminate Plymouth Boot Screen...
[[0;32m  OK  [0m] Started Hold until boot process finishes up.
         Starting Set console scheme...
[[0;32m  OK  [0m] Started Serial Getty on ttyS0.
[[0;32m  OK  [0m] Started Terminate Plymouth Boot Screen.
[[0;32m  OK  [0m] Started Authorization Manager.
[[0;32m  OK  [0m] Started Accounts Service.
[[0;32m  OK  [0m] Started Set console scheme.
[[0;32m  OK  [0m] Started LSB: Record successful boot for GRUB.
[[0;32m  OK  [0m] Started LSB: automatic crash report generation.
[[0;32m  OK  [0m] Created slice system-getty.slice.
[[0;32m  OK  [0m] Started Getty on tty1.
[[0;32m  OK  [0m] Reached target Login Prompts.
[[0;32m  OK  [0m] Started Virtualbox guest utils.
[[0;32m  OK  [0m] Started Dispatcher daemon for systemd-networkd.
[[0;32m  OK  [0m] Started Snap Daemon.
         Starting Wait until snapd is fully seeded...
         Starting Time & Date Service...
[[0;32m  OK  [0m] Started Time & Date Service.
[[0;32m  OK  [0m] Started Wait until snapd is fully seeded.
         Starting Apply the settings specified in cloud-config...
[  696.903534] cloud-init[1136]: Cloud-init v. 23.1.2-0ubuntu0~18.04.1 running 'modules:config' at Fri, 17 Nov 2023 13:23:33 +0000. Up 696.80 seconds.
[[0;32m  OK  [0m] Started Apply the settings specified in cloud-config.
[[0;32m  OK  [0m] Reached target Multi-User System.
[[0;32m  OK  [0m] Reached target Graphical Interface.
         Starting Update UTMP about System Runlevel Changes...
         Starting Execute cloud user/final scripts...
[[0;32m  OK  [0m] Started Update UTMP about System Runlevel Changes.
[  697.414220] cloud-init[1177]: Cloud-init v. 23.1.2-0ubuntu0~18.04.1 running 'modules:final' at Fri, 17 Nov 2023 13:23:33 +0000. Up 697.26 seconds.
[  697.419974] cloud-init[1177]: Cloud-init v. 23.1.2-0ubuntu0~18.04.1 finished at Fri, 17 Nov 2023 13:23:33 +0000. Datasource DataSourceNoCloud [seed=/dev/sdb][dsmode=net].  Up 697.40 seconds
[[0;32m  OK  [0m] Started Execute cloud user/final scripts.
         Starting Daily apt download activities...
[[0;32m  OK  [0m] Reached target Cloud-init target.
         Starting Update APT News...
         Starting Update the local ESM caches...
[[0;32m  OK  [0m] Started Update the local ESM caches.

Ubuntu 18.04.6 LTS scriptbox ttyS0

scriptbox login: [[0;32m  OK  [0m] Started Daily apt upgrade and clean activities.
